[
  {
    "id": "@integer@",
    "name": "Home"
  },
  {
    "id": "@integer@",
    "name": "Studies"
  },
  {
    "id": "@integer@",
    "name": "Work"
  }
]